// Jest Snapshot v1, https://goo.gl/fbAQLP

exports[`Reducer template test suite should match reducer template snapshot for JS language 1`] = `""`;

exports[`Reducer template test suite should match reducer template snapshot for TS language 1`] = `""`;
