// Jest Snapshot v1, https://goo.gl/fbAQLP

exports[`CustomCommand template test suite should match custom command template snapshot for JS language 1`] = `""`;

exports[`CustomCommand template test suite should match custom command template snapshot for TS language 1`] = `""`;
